// Jest Snapshot v1, https://goo.gl/fbAQLP

exports[`test dog component produces a dog 1`] = `
<dl>
  <dt>
    Name
  </dt>
  <dd>
    spot
  </dd>
  <dt>
    Age
  </dt>
  <dd>
    5
  </dd>
  <dt>
    Weight
  </dt>
  <dd>
    10 lbs
  </dd>
</dl>
`;
