// Jest Snapshot v1, https://goo.gl/fbAQLP

exports[`Header renders a Header 1`] = `
<header>
  <img
    src="../src/assets/alchemy.png"
  />
  <h1>
    My Dog
  </h1>
</header>
`;
